2025-12-10 17:21:15,891 - INFO - 🗑️  Deleting all document records for client_id: 1
2025-12-10 17:21:15,908 - INFO - ✅ Deleted 7 document record(s)
2025-12-10 17:21:16,600 - INFO - Use pytorch device_name: cuda:0
2025-12-10 17:21:16,600 - INFO - Load pretrained SentenceTransformer: all-MiniLM-L6-v2
2025-12-10 17:21:26,398 - INFO - ============================================================
2025-12-10 17:21:26,398 - INFO - 💾 SAVING DOCUMENT METADATA TO DATABASE
2025-12-10 17:21:26,399 - INFO -    Announcement ID: 51
2025-12-10 17:21:26,399 - INFO -    Client ID: 1
2025-12-10 17:21:26,399 - INFO -    File Name: Attendance Module-hrpolices-51-1.docx
2025-12-10 17:21:26,406 - INFO -    Document Title: testing again
2025-12-10 17:21:26,406 - INFO -    File Extension: docx
2025-12-10 17:21:26,406 - INFO -    Chunk Count: 94
2025-12-10 17:21:26,406 - INFO - 🔍 Checking if document already exists...
2025-12-10 17:21:26,408 - INFO - ✅ Document is new, will insert
2025-12-10 17:21:26,408 - INFO - 💾 Executing INSERT/UPDATE query...
2025-12-10 17:21:26,412 - INFO - ✅ Document metadata saved successfully
2025-12-10 17:21:26,412 - INFO -    Document ID: 333
2025-12-10 17:21:26,413 - INFO -    Table: chatbot.documents
2025-12-10 17:21:26,413 - INFO -    Action: Inserted
2025-12-10 17:21:26,413 - INFO - ============================================================
2025-12-10 17:21:26,413 - INFO - ============================================================
2025-12-10 17:21:26,413 - INFO - 💾 SAVING DOCUMENT METADATA TO DATABASE
2025-12-10 17:21:26,413 - INFO -    Announcement ID: 49
2025-12-10 17:21:26,413 - INFO -    Client ID: 1
2025-12-10 17:21:26,413 - INFO -    File Name: HumanResource-hrpolices-49-1.pdf
2025-12-10 17:21:26,414 - INFO -    Document Title: maaz
2025-12-10 17:21:26,414 - INFO -    File Extension: pdf
2025-12-10 17:21:26,414 - INFO -    Chunk Count: 22
2025-12-10 17:21:26,414 - INFO - 🔍 Checking if document already exists...
2025-12-10 17:21:26,415 - INFO - ✅ Document is new, will insert
2025-12-10 17:21:26,415 - INFO - 💾 Executing INSERT/UPDATE query...
2025-12-10 17:21:26,416 - INFO - ✅ Document metadata saved successfully
2025-12-10 17:21:26,416 - INFO -    Document ID: 334
2025-12-10 17:21:26,416 - INFO -    Table: chatbot.documents
2025-12-10 17:21:26,416 - INFO -    Action: Inserted
2025-12-10 17:21:26,416 - INFO - ============================================================
2025-12-10 17:21:26,416 - INFO - ============================================================
2025-12-10 17:21:26,416 - INFO - 💾 SAVING DOCUMENT METADATA TO DATABASE
2025-12-10 17:21:26,417 - INFO -    Announcement ID: 45
2025-12-10 17:21:26,417 - INFO -    Client ID: 1
2025-12-10 17:21:26,417 - INFO -    File Name: HumanResource-hrpolices-45-1.pdf
2025-12-10 17:21:26,417 - INFO -    Document Title: rggreger
2025-12-10 17:21:26,417 - INFO -    File Extension: pdf
2025-12-10 17:21:26,418 - INFO -    Chunk Count: 22
2025-12-10 17:21:26,418 - INFO - 🔍 Checking if document already exists...
2025-12-10 17:21:26,418 - INFO - ✅ Document is new, will insert
2025-12-10 17:21:26,418 - INFO - 💾 Executing INSERT/UPDATE query...
2025-12-10 17:21:26,420 - INFO - ✅ Document metadata saved successfully
2025-12-10 17:21:26,420 - INFO -    Document ID: 335
2025-12-10 17:21:26,420 - INFO -    Table: chatbot.documents
2025-12-10 17:21:26,420 - INFO -    Action: Inserted
2025-12-10 17:21:26,421 - INFO - ============================================================
2025-12-10 17:21:26,421 - INFO - ============================================================
2025-12-10 17:21:26,421 - INFO - 💾 SAVING DOCUMENT METADATA TO DATABASE
2025-12-10 17:21:26,421 - INFO -    Announcement ID: 43
2025-12-10 17:21:26,421 - INFO -    Client ID: 1
2025-12-10 17:21:26,422 - INFO -    File Name: HumanResource-hrpolices-43-1.pdf
2025-12-10 17:21:26,422 - INFO -    Document Title: trecgwftrw
2025-12-10 17:21:26,422 - INFO -    File Extension: pdf
2025-12-10 17:21:26,422 - INFO -    Chunk Count: 22
2025-12-10 17:21:26,422 - INFO - 🔍 Checking if document already exists...
2025-12-10 17:21:26,423 - INFO - ✅ Document is new, will insert
2025-12-10 17:21:26,423 - INFO - 💾 Executing INSERT/UPDATE query...
2025-12-10 17:21:26,424 - INFO - ✅ Document metadata saved successfully
2025-12-10 17:21:26,424 - INFO -    Document ID: 336
2025-12-10 17:21:26,424 - INFO -    Table: chatbot.documents
2025-12-10 17:21:26,424 - INFO -    Action: Inserted
2025-12-10 17:21:26,424 - INFO - ============================================================
2025-12-10 17:21:26,425 - INFO - ============================================================
2025-12-10 17:21:26,425 - INFO - 💾 SAVING DOCUMENT METADATA TO DATABASE
2025-12-10 17:21:26,425 - INFO -    Announcement ID: 42
2025-12-10 17:21:26,425 - INFO -    Client ID: 1
2025-12-10 17:21:26,425 - INFO -    File Name: HumanResource-hrpolices-42-1.pdf
2025-12-10 17:21:26,425 - INFO -    Document Title: gy54g6
2025-12-10 17:21:26,425 - INFO -    File Extension: pdf
2025-12-10 17:21:26,425 - INFO -    Chunk Count: 22
2025-12-10 17:21:26,425 - INFO - 🔍 Checking if document already exists...
2025-12-10 17:21:26,426 - INFO - ✅ Document is new, will insert
2025-12-10 17:21:26,426 - INFO - 💾 Executing INSERT/UPDATE query...
2025-12-10 17:21:26,426 - INFO - ✅ Document metadata saved successfully
2025-12-10 17:21:26,427 - INFO -    Document ID: 337
2025-12-10 17:21:26,427 - INFO -    Table: chatbot.documents
2025-12-10 17:21:26,427 - INFO -    Action: Inserted
2025-12-10 17:21:26,427 - INFO - ============================================================
2025-12-10 17:21:26,427 - INFO - ============================================================
2025-12-10 17:21:26,427 - INFO - 💾 SAVING DOCUMENT METADATA TO DATABASE
2025-12-10 17:21:26,427 - INFO -    Announcement ID: 35
2025-12-10 17:21:26,428 - INFO -    Client ID: 1
2025-12-10 17:21:26,428 - INFO -    File Name: Asset Module (5.10)-hrpolices-35-1.docx
2025-12-10 17:21:26,428 - INFO -    Document Title: recvecre
2025-12-10 17:21:26,428 - INFO -    File Extension: docx
2025-12-10 17:21:26,428 - INFO -    Chunk Count: 7
2025-12-10 17:21:26,428 - INFO - 🔍 Checking if document already exists...
2025-12-10 17:21:26,429 - INFO - ✅ Document is new, will insert
2025-12-10 17:21:26,429 - INFO - 💾 Executing INSERT/UPDATE query...
2025-12-10 17:21:26,430 - INFO - ✅ Document metadata saved successfully
2025-12-10 17:21:26,430 - INFO -    Document ID: 338
2025-12-10 17:21:26,430 - INFO -    Table: chatbot.documents
2025-12-10 17:21:26,430 - INFO -    Action: Inserted
2025-12-10 17:21:26,430 - INFO - ============================================================
2025-12-10 17:21:26,431 - INFO - ============================================================
2025-12-10 17:21:26,431 - INFO - 💾 SAVING DOCUMENT METADATA TO DATABASE
2025-12-10 17:21:26,431 - INFO -    Announcement ID: 34
2025-12-10 17:21:26,431 - INFO -    Client ID: 1
2025-12-10 17:21:26,431 - INFO -    File Name: Attendance Module (5.10)-hrpolices-34-1.docx
2025-12-10 17:21:26,431 - INFO -    Document Title: test
2025-12-10 17:21:26,431 - INFO -    File Extension: docx
2025-12-10 17:21:26,431 - INFO -    Chunk Count: 43
2025-12-10 17:21:26,431 - INFO - 🔍 Checking if document already exists...
2025-12-10 17:21:26,432 - INFO - ✅ Document is new, will insert
2025-12-10 17:21:26,432 - INFO - 💾 Executing INSERT/UPDATE query...
2025-12-10 17:21:26,433 - INFO - ✅ Document metadata saved successfully
2025-12-10 17:21:26,433 - INFO -    Document ID: 339
2025-12-10 17:21:26,433 - INFO -    Table: chatbot.documents
2025-12-10 17:21:26,433 - INFO -    Action: Inserted
2025-12-10 17:21:26,433 - INFO - ============================================================
2025-12-10 17:21:26,434 - INFO - Document sync completed: 7 HR policy docs, 232 chunks
